---
http_interactions:
- request:
    method: get
    uri: http://www.mapquestapi.com/geocoding/v1/address?key=MAP_QUEST_API_KEY&location=denver,%20co
    body:
      encoding: US-ASCII
      string: ''
    headers:
      User-Agent:
      - Faraday v1.0.1
      Accept-Encoding:
      - gzip;q=1.0,deflate;q=0.6,identity;q=0.3
      Accept:
      - "*/*"
  response:
    status:
      code: 200
      message: OK
    headers:
      Date:
      - Wed, 23 Sep 2020 01:31:33 GMT
      Content-Type:
      - application/json;charset=UTF-8
      Content-Length:
      - '1734'
      Access-Control-Allow-Methods:
      - OPTIONS,GET,POST
      Access-Control-Allow-Origin:
      - "*"
      Cache-Control:
      - no-cache, must-revalidate
      Expires:
      - Mon, 20 Dec 1998 01:00:00 GMT
      Geocodetransactioncount:
      - '1'
      Last-Modified:
      - Wed, 23 Sep 2020 01:31:33 GMT
      Pragma:
      - no-cache
      Reversegeocodetransactioncount:
      - '0'
      Server:
      - Apache-Coyote/1.1
      Set-Cookie:
      - JSESSIONID=761450BDDFDDE34160DABE55C3626B58; Path=/; HttpOnly
      Status:
      - success
      Transactionweight:
      - '1.0'
    body:
      encoding: UTF-8
      string: '{"info":{"statuscode":0,"copyright":{"text":"\u00A9 2020 MapQuest,
        Inc.","imageUrl":"http://api.mqcdn.com/res/mqlogo.gif","imageAltText":"\u00A9
        2020 MapQuest, Inc."},"messages":[]},"options":{"maxResults":-1,"thumbMaps":true,"ignoreLatLngInput":false},"results":[{"providedLocation":{"location":"denver,
        co"},"locations":[{"street":"","adminArea6":"","adminArea6Type":"Neighborhood","adminArea5":"Denver","adminArea5Type":"City","adminArea4":"Denver
        County","adminArea4Type":"County","adminArea3":"CO","adminArea3Type":"State","adminArea1":"US","adminArea1Type":"Country","postalCode":"","geocodeQualityCode":"A5XAX","geocodeQuality":"CITY","dragPoint":false,"sideOfStreet":"N","linkId":"282041090","unknownInput":"","type":"s","latLng":{"lat":39.738453,"lng":-104.984853},"displayLatLng":{"lat":39.738453,"lng":-104.984853},"mapUrl":"http://www.mapquestapi.com/staticmap/v5/map?key=MAP_QUEST_API_KEY&type=map&size=225,160&locations=39.738453,-104.984853|marker-sm-50318A-1&scalebar=true&zoom=12&rand=990324156"},{"street":"","adminArea6":"","adminArea6Type":"Neighborhood","adminArea5":"","adminArea5Type":"City","adminArea4":"Denver
        County","adminArea4Type":"County","adminArea3":"CO","adminArea3Type":"State","adminArea1":"US","adminArea1Type":"Country","postalCode":"","geocodeQualityCode":"A4XAX","geocodeQuality":"COUNTY","dragPoint":false,"sideOfStreet":"N","linkId":"282932003","unknownInput":"","type":"s","latLng":{"lat":39.738453,"lng":-104.984853},"displayLatLng":{"lat":39.738453,"lng":-104.984853},"mapUrl":"http://www.mapquestapi.com/staticmap/v5/map?key=MAP_QUEST_API_KEY&type=map&size=225,160&locations=39.738453,-104.984853|marker-sm-50318A-2&scalebar=true&zoom=9&rand=-830437239"}]}]}'
  recorded_at: Wed, 23 Sep 2020 01:31:33 GMT
- request:
    method: get
    uri: http://www.mapquestapi.com/geocoding/v1/address?key=MAP_QUEST_API_KEY&location=denver,%20co
    body:
      encoding: US-ASCII
      string: ''
    headers:
      User-Agent:
      - Faraday v1.0.1
      Accept-Encoding:
      - gzip;q=1.0,deflate;q=0.6,identity;q=0.3
      Accept:
      - "*/*"
  response:
    status:
      code: 200
      message: OK
    headers:
      Date:
      - Wed, 23 Sep 2020 01:31:33 GMT
      Content-Type:
      - application/json;charset=UTF-8
      Content-Length:
      - '1735'
      Access-Control-Allow-Methods:
      - OPTIONS,GET,POST
      Access-Control-Allow-Origin:
      - "*"
      Cache-Control:
      - no-cache, must-revalidate
      Expires:
      - Mon, 20 Dec 1998 01:00:00 GMT
      Geocodetransactioncount:
      - '1'
      Last-Modified:
      - Wed, 23 Sep 2020 01:31:33 GMT
      Pragma:
      - no-cache
      Reversegeocodetransactioncount:
      - '0'
      Server:
      - Apache-Coyote/1.1
      Set-Cookie:
      - JSESSIONID=BA44146BE3E495EB1FE5EF4CD9EA0836; Path=/; HttpOnly
      Status:
      - success
      Transactionweight:
      - '1.0'
    body:
      encoding: UTF-8
      string: '{"info":{"statuscode":0,"copyright":{"text":"\u00A9 2020 MapQuest,
        Inc.","imageUrl":"http://api.mqcdn.com/res/mqlogo.gif","imageAltText":"\u00A9
        2020 MapQuest, Inc."},"messages":[]},"options":{"maxResults":-1,"thumbMaps":true,"ignoreLatLngInput":false},"results":[{"providedLocation":{"location":"denver,
        co"},"locations":[{"street":"","adminArea6":"","adminArea6Type":"Neighborhood","adminArea5":"Denver","adminArea5Type":"City","adminArea4":"Denver
        County","adminArea4Type":"County","adminArea3":"CO","adminArea3Type":"State","adminArea1":"US","adminArea1Type":"Country","postalCode":"","geocodeQualityCode":"A5XAX","geocodeQuality":"CITY","dragPoint":false,"sideOfStreet":"N","linkId":"282041090","unknownInput":"","type":"s","latLng":{"lat":39.738453,"lng":-104.984853},"displayLatLng":{"lat":39.738453,"lng":-104.984853},"mapUrl":"http://www.mapquestapi.com/staticmap/v5/map?key=MAP_QUEST_API_KEY&type=map&size=225,160&locations=39.738453,-104.984853|marker-sm-50318A-1&scalebar=true&zoom=12&rand=2051445107"},{"street":"","adminArea6":"","adminArea6Type":"Neighborhood","adminArea5":"","adminArea5Type":"City","adminArea4":"Denver
        County","adminArea4Type":"County","adminArea3":"CO","adminArea3Type":"State","adminArea1":"US","adminArea1Type":"Country","postalCode":"","geocodeQualityCode":"A4XAX","geocodeQuality":"COUNTY","dragPoint":false,"sideOfStreet":"N","linkId":"282932003","unknownInput":"","type":"s","latLng":{"lat":39.738453,"lng":-104.984853},"displayLatLng":{"lat":39.738453,"lng":-104.984853},"mapUrl":"http://www.mapquestapi.com/staticmap/v5/map?key=MAP_QUEST_API_KEY&type=map&size=225,160&locations=39.738453,-104.984853|marker-sm-50318A-2&scalebar=true&zoom=9&rand=1538853042"}]}]}'
  recorded_at: Wed, 23 Sep 2020 01:31:33 GMT
- request:
    method: get
    uri: https://api.openweathermap.org/data/2.5/onecall?appid=OPEN_WEATHER_API_KEY&exclude=minutely&lat=39.738453&lon=-104.984853&units=imperial
    body:
      encoding: US-ASCII
      string: ''
    headers:
      User-Agent:
      - Faraday v1.0.1
      Accept-Encoding:
      - gzip;q=1.0,deflate;q=0.6,identity;q=0.3
      Accept:
      - "*/*"
  response:
    status:
      code: 200
      message: OK
    headers:
      Server:
      - openresty
      Date:
      - Wed, 23 Sep 2020 01:31:34 GMT
      Content-Type:
      - application/json; charset=utf-8
      Content-Length:
      - '15655'
      Connection:
      - keep-alive
      X-Cache-Key:
      - "/data/2.5/onecall?exclude=minutely&lat=39.74&lon=-104.98&units=imperial"
      Access-Control-Allow-Origin:
      - "*"
      Access-Control-Allow-Credentials:
      - 'true'
      Access-Control-Allow-Methods:
      - GET, POST
    body:
      encoding: UTF-8
      string: '{"lat":39.74,"lon":-104.98,"timezone":"America/Denver","timezone_offset":-21600,"current":{"dt":1600824694,"sunrise":1600778883,"sunset":1600822611,"temp":72.21,"feels_like":64.33,"pressure":1021,"humidity":28,"dew_point":37.33,"uvi":6.48,"clouds":75,"visibility":10000,"wind_speed":9.17,"wind_deg":240,"weather":[{"id":803,"main":"Clouds","description":"broken
        clouds","icon":"04n"}]},"hourly":[{"dt":1600822800,"temp":72.21,"feels_like":61.63,"pressure":1021,"humidity":28,"dew_point":37.33,"clouds":75,"visibility":10000,"wind_speed":13.96,"wind_deg":182,"weather":[{"id":500,"main":"Rain","description":"light
        rain","icon":"10n"}],"pop":0.39,"rain":{"1h":0.17}},{"dt":1600826400,"temp":73.36,"feels_like":68.65,"pressure":1020,"humidity":28,"dew_point":38.32,"clouds":87,"visibility":10000,"wind_speed":3.85,"wind_deg":219,"weather":[{"id":804,"main":"Clouds","description":"overcast
        clouds","icon":"04n"}],"pop":0.39},{"dt":1600830000,"temp":73.53,"feels_like":67.33,"pressure":1019,"humidity":28,"dew_point":38.46,"clouds":95,"visibility":10000,"wind_speed":6.53,"wind_deg":44,"weather":[{"id":804,"main":"Clouds","description":"overcast
        clouds","icon":"04n"}],"pop":0.47},{"dt":1600833600,"temp":71.33,"feels_like":65.64,"pressure":1019,"humidity":31,"dew_point":39.16,"clouds":88,"visibility":10000,"wind_speed":5.86,"wind_deg":35,"weather":[{"id":500,"main":"Rain","description":"light
        rain","icon":"10n"}],"pop":0.51,"rain":{"1h":0.11}},{"dt":1600837200,"temp":70.68,"feels_like":68.2,"pressure":1020,"humidity":32,"dew_point":39.42,"clouds":91,"visibility":10000,"wind_speed":0.25,"wind_deg":140,"weather":[{"id":804,"main":"Clouds","description":"overcast
        clouds","icon":"04n"}],"pop":0.39},{"dt":1600840800,"temp":70.27,"feels_like":65.44,"pressure":1019,"humidity":32,"dew_point":39.76,"clouds":93,"visibility":10000,"wind_speed":4.29,"wind_deg":172,"weather":[{"id":804,"main":"Clouds","description":"overcast
        clouds","icon":"04n"}],"pop":0.2},{"dt":1600844400,"temp":69.67,"feels_like":64.06,"pressure":1019,"humidity":34,"dew_point":40.17,"clouds":100,"visibility":10000,"wind_speed":6.04,"wind_deg":175,"weather":[{"id":804,"main":"Clouds","description":"overcast
        clouds","icon":"04n"}],"pop":0},{"dt":1600848000,"temp":68.94,"feels_like":63.32,"pressure":1019,"humidity":35,"dew_point":40.64,"clouds":96,"visibility":10000,"wind_speed":6.08,"wind_deg":191,"weather":[{"id":804,"main":"Clouds","description":"overcast
        clouds","icon":"04n"}],"pop":0},{"dt":1600851600,"temp":67.95,"feels_like":62.22,"pressure":1018,"humidity":36,"dew_point":40.48,"clouds":65,"visibility":10000,"wind_speed":6.22,"wind_deg":203,"weather":[{"id":803,"main":"Clouds","description":"broken
        clouds","icon":"04n"}],"pop":0},{"dt":1600855200,"temp":67.28,"feels_like":61.54,"pressure":1018,"humidity":36,"dew_point":39.7,"clouds":60,"visibility":10000,"wind_speed":6.06,"wind_deg":205,"weather":[{"id":803,"main":"Clouds","description":"broken
        clouds","icon":"04n"}],"pop":0},{"dt":1600858800,"temp":67.12,"feels_like":61.52,"pressure":1018,"humidity":34,"dew_point":38.35,"clouds":61,"visibility":10000,"wind_speed":5.26,"wind_deg":206,"weather":[{"id":803,"main":"Clouds","description":"broken
        clouds","icon":"04n"}],"pop":0},{"dt":1600862400,"temp":67.01,"feels_like":61.72,"pressure":1019,"humidity":32,"dew_point":36.95,"clouds":64,"visibility":10000,"wind_speed":4.21,"wind_deg":214,"weather":[{"id":803,"main":"Clouds","description":"broken
        clouds","icon":"04n"}],"pop":0},{"dt":1600866000,"temp":66.88,"feels_like":62.33,"pressure":1019,"humidity":32,"dew_point":36.37,"clouds":98,"visibility":10000,"wind_speed":2.86,"wind_deg":230,"weather":[{"id":804,"main":"Clouds","description":"overcast
        clouds","icon":"04d"}],"pop":0},{"dt":1600869600,"temp":68.36,"feels_like":63.88,"pressure":1019,"humidity":30,"dew_point":36.41,"clouds":90,"visibility":10000,"wind_speed":2.64,"wind_deg":234,"weather":[{"id":804,"main":"Clouds","description":"overcast
        clouds","icon":"04d"}],"pop":0},{"dt":1600873200,"temp":71.69,"feels_like":66.81,"pressure":1018,"humidity":27,"dew_point":36.28,"clouds":61,"visibility":10000,"wind_speed":3.42,"wind_deg":225,"weather":[{"id":803,"main":"Clouds","description":"broken
        clouds","icon":"04d"}],"pop":0},{"dt":1600876800,"temp":75.61,"feels_like":71.01,"pressure":1017,"humidity":23,"dew_point":35.94,"clouds":45,"visibility":10000,"wind_speed":2.71,"wind_deg":243,"weather":[{"id":802,"main":"Clouds","description":"scattered
        clouds","icon":"03d"}],"pop":0},{"dt":1600880400,"temp":79.03,"feels_like":75.06,"pressure":1017,"humidity":20,"dew_point":34.68,"clouds":36,"visibility":10000,"wind_speed":1.39,"wind_deg":359,"weather":[{"id":802,"main":"Clouds","description":"scattered
        clouds","icon":"03d"}],"pop":0},{"dt":1600884000,"temp":80.74,"feels_like":74.59,"pressure":1016,"humidity":17,"dew_point":32.31,"clouds":30,"visibility":10000,"wind_speed":4.56,"wind_deg":74,"weather":[{"id":802,"main":"Clouds","description":"scattered
        clouds","icon":"03d"}],"pop":0},{"dt":1600887600,"temp":82.42,"feels_like":75.07,"pressure":1015,"humidity":15,"dew_point":30.27,"clouds":0,"visibility":10000,"wind_speed":6.22,"wind_deg":86,"weather":[{"id":800,"main":"Clear","description":"clear
        sky","icon":"01d"}],"pop":0},{"dt":1600891200,"temp":83.68,"feels_like":76.93,"pressure":1014,"humidity":15,"dew_point":29.52,"clouds":0,"visibility":10000,"wind_speed":5.41,"wind_deg":84,"weather":[{"id":800,"main":"Clear","description":"clear
        sky","icon":"01d"}],"pop":0},{"dt":1600894800,"temp":84.65,"feels_like":78.42,"pressure":1013,"humidity":14,"dew_point":29.28,"clouds":1,"visibility":10000,"wind_speed":4.25,"wind_deg":57,"weather":[{"id":800,"main":"Clear","description":"clear
        sky","icon":"01d"}],"pop":0},{"dt":1600898400,"temp":84.04,"feels_like":77.65,"pressure":1013,"humidity":15,"dew_point":29.98,"clouds":21,"visibility":10000,"wind_speed":4.85,"wind_deg":9,"weather":[{"id":801,"main":"Clouds","description":"few
        clouds","icon":"02d"}],"pop":0},{"dt":1600902000,"temp":83.82,"feels_like":76.71,"pressure":1013,"humidity":15,"dew_point":30.11,"clouds":33,"visibility":10000,"wind_speed":6.08,"wind_deg":25,"weather":[{"id":802,"main":"Clouds","description":"scattered
        clouds","icon":"03d"}],"pop":0},{"dt":1600905600,"temp":82.9,"feels_like":76.05,"pressure":1014,"humidity":15,"dew_point":29.64,"clouds":44,"visibility":10000,"wind_speed":5.46,"wind_deg":13,"weather":[{"id":802,"main":"Clouds","description":"scattered
        clouds","icon":"03d"}],"pop":0},{"dt":1600909200,"temp":80.56,"feels_like":74.91,"pressure":1016,"humidity":16,"dew_point":27.91,"clouds":94,"visibility":10000,"wind_speed":3.24,"wind_deg":3,"weather":[{"id":804,"main":"Clouds","description":"overcast
        clouds","icon":"04n"}],"pop":0},{"dt":1600912800,"temp":79.12,"feels_like":72.3,"pressure":1017,"humidity":16,"dew_point":26.28,"clouds":96,"visibility":10000,"wind_speed":5.03,"wind_deg":305,"weather":[{"id":804,"main":"Clouds","description":"overcast
        clouds","icon":"04n"}],"pop":0},{"dt":1600916400,"temp":77.18,"feels_like":70.57,"pressure":1018,"humidity":17,"dew_point":23.7,"clouds":65,"visibility":10000,"wind_speed":4.65,"wind_deg":307,"weather":[{"id":803,"main":"Clouds","description":"broken
        clouds","icon":"04n"}],"pop":0},{"dt":1600920000,"temp":75.06,"feels_like":68.59,"pressure":1018,"humidity":19,"dew_point":25.27,"clouds":51,"visibility":10000,"wind_speed":4.63,"wind_deg":75,"weather":[{"id":803,"main":"Clouds","description":"broken
        clouds","icon":"04n"}],"pop":0},{"dt":1600923600,"temp":73.2,"feels_like":67.59,"pressure":1019,"humidity":20,"dew_point":24.67,"clouds":41,"visibility":10000,"wind_speed":3.06,"wind_deg":116,"weather":[{"id":802,"main":"Clouds","description":"scattered
        clouds","icon":"03n"}],"pop":0},{"dt":1600927200,"temp":71.46,"feels_like":64.15,"pressure":1019,"humidity":21,"dew_point":23.52,"clouds":34,"visibility":10000,"wind_speed":6.02,"wind_deg":156,"weather":[{"id":802,"main":"Clouds","description":"scattered
        clouds","icon":"03n"}],"pop":0},{"dt":1600930800,"temp":70.16,"feels_like":62.71,"pressure":1019,"humidity":22,"dew_point":24.37,"clouds":0,"visibility":10000,"wind_speed":6.26,"wind_deg":182,"weather":[{"id":800,"main":"Clear","description":"clear
        sky","icon":"01n"}],"pop":0},{"dt":1600934400,"temp":69.4,"feels_like":63.45,"pressure":1019,"humidity":23,"dew_point":24.24,"clouds":0,"visibility":10000,"wind_speed":3.74,"wind_deg":180,"weather":[{"id":800,"main":"Clear","description":"clear
        sky","icon":"01n"}],"pop":0},{"dt":1600938000,"temp":68.49,"feels_like":62.06,"pressure":1018,"humidity":23,"dew_point":24.1,"clouds":0,"visibility":10000,"wind_speed":4.36,"wind_deg":176,"weather":[{"id":800,"main":"Clear","description":"clear
        sky","icon":"01n"}],"pop":0},{"dt":1600941600,"temp":67.75,"feels_like":60.53,"pressure":1018,"humidity":24,"dew_point":24.31,"clouds":0,"visibility":10000,"wind_speed":5.88,"wind_deg":192,"weather":[{"id":800,"main":"Clear","description":"clear
        sky","icon":"01n"}],"pop":0},{"dt":1600945200,"temp":67.12,"feels_like":59.49,"pressure":1018,"humidity":24,"dew_point":24.37,"clouds":0,"visibility":10000,"wind_speed":6.49,"wind_deg":196,"weather":[{"id":800,"main":"Clear","description":"clear
        sky","icon":"01n"}],"pop":0},{"dt":1600948800,"temp":66.27,"feels_like":58.55,"pressure":1018,"humidity":25,"dew_point":24.73,"clouds":0,"visibility":10000,"wind_speed":6.71,"wind_deg":199,"weather":[{"id":800,"main":"Clear","description":"clear
        sky","icon":"01n"}],"pop":0},{"dt":1600952400,"temp":65.97,"feels_like":58.19,"pressure":1019,"humidity":26,"dew_point":25.25,"clouds":0,"visibility":10000,"wind_speed":6.98,"wind_deg":199,"weather":[{"id":800,"main":"Clear","description":"clear
        sky","icon":"01d"}],"pop":0},{"dt":1600956000,"temp":67.24,"feels_like":59.25,"pressure":1019,"humidity":25,"dew_point":25.9,"clouds":0,"visibility":10000,"wind_speed":7.4,"wind_deg":199,"weather":[{"id":800,"main":"Clear","description":"clear
        sky","icon":"01d"}],"pop":0},{"dt":1600959600,"temp":70.9,"feels_like":63.18,"pressure":1017,"humidity":22,"dew_point":26.65,"clouds":0,"visibility":10000,"wind_speed":6.89,"wind_deg":203,"weather":[{"id":800,"main":"Clear","description":"clear
        sky","icon":"01d"}],"pop":0},{"dt":1600963200,"temp":75.74,"feels_like":68.34,"pressure":1016,"humidity":19,"dew_point":26.94,"clouds":11,"visibility":10000,"wind_speed":6.42,"wind_deg":198,"weather":[{"id":801,"main":"Clouds","description":"few
        clouds","icon":"02d"}],"pop":0},{"dt":1600966800,"temp":80.22,"feels_like":72.79,"pressure":1014,"humidity":16,"dew_point":26.8,"clouds":11,"visibility":10000,"wind_speed":6.33,"wind_deg":184,"weather":[{"id":801,"main":"Clouds","description":"few
        clouds","icon":"02d"}],"pop":0},{"dt":1600970400,"temp":83.59,"feels_like":76.08,"pressure":1013,"humidity":14,"dew_point":25.88,"clouds":9,"visibility":10000,"wind_speed":6.31,"wind_deg":162,"weather":[{"id":800,"main":"Clear","description":"clear
        sky","icon":"01d"}],"pop":0},{"dt":1600974000,"temp":85.89,"feels_like":78.42,"pressure":1012,"humidity":13,"dew_point":24.28,"clouds":0,"visibility":10000,"wind_speed":6.26,"wind_deg":142,"weather":[{"id":800,"main":"Clear","description":"clear
        sky","icon":"01d"}],"pop":0},{"dt":1600977600,"temp":87.48,"feels_like":79.74,"pressure":1011,"humidity":12,"dew_point":23.04,"clouds":0,"visibility":10000,"wind_speed":6.55,"wind_deg":135,"weather":[{"id":800,"main":"Clear","description":"clear
        sky","icon":"01d"}],"pop":0},{"dt":1600981200,"temp":88.25,"feels_like":80.85,"pressure":1010,"humidity":12,"dew_point":23.02,"clouds":0,"visibility":10000,"wind_speed":6.11,"wind_deg":133,"weather":[{"id":800,"main":"Clear","description":"clear
        sky","icon":"01d"}],"pop":0},{"dt":1600984800,"temp":88.66,"feels_like":81,"pressure":1009,"humidity":12,"dew_point":23.47,"clouds":0,"visibility":10000,"wind_speed":6.64,"wind_deg":129,"weather":[{"id":800,"main":"Clear","description":"clear
        sky","icon":"01d"}],"pop":0},{"dt":1600988400,"temp":88.11,"feels_like":79,"pressure":1008,"humidity":12,"dew_point":25.18,"clouds":0,"visibility":10000,"wind_speed":9.1,"wind_deg":141,"weather":[{"id":800,"main":"Clear","description":"clear
        sky","icon":"01d"}],"pop":0},{"dt":1600992000,"temp":86.02,"feels_like":75.78,"pressure":1009,"humidity":13,"dew_point":28.78,"clouds":0,"visibility":10000,"wind_speed":11.21,"wind_deg":152,"weather":[{"id":800,"main":"Clear","description":"clear
        sky","icon":"01d"}],"pop":0}],"daily":[{"dt":1600797600,"sunrise":1600778883,"sunset":1600822611,"temp":{"day":82.78,"min":66.94,"max":86.74,"night":73.02,"eve":72.21,"morn":66.94},"feels_like":{"day":77.72,"night":66.74,"eve":56.37,"morn":61.18},"pressure":1017,"humidity":16,"dew_point":33.42,"wind_speed":2.64,"wind_deg":95,"weather":[{"id":500,"main":"Rain","description":"light
        rain","icon":"10d"}],"clouds":64,"pop":0.47,"rain":0.29,"uvi":6.48},{"dt":1600884000,"sunrise":1600865338,"sunset":1600908912,"temp":{"day":80.74,"min":67.05,"max":84.65,"night":77.18,"eve":82.9,"morn":67.05},"feels_like":{"day":74.59,"night":70.57,"eve":76.05,"morn":61.77},"pressure":1016,"humidity":17,"dew_point":32.31,"wind_speed":4.56,"wind_deg":74,"weather":[{"id":500,"main":"Rain","description":"light
        rain","icon":"10d"}],"clouds":30,"pop":0.4,"rain":0.17,"uvi":7.13},{"dt":1600970400,"sunrise":1600951795,"sunset":1600995212,"temp":{"day":83.59,"min":66.27,"max":88.25,"night":77.86,"eve":86.02,"morn":66.27},"feels_like":{"day":76.08,"night":68.52,"eve":75.78,"morn":58.55},"pressure":1013,"humidity":14,"dew_point":25.88,"wind_speed":6.31,"wind_deg":162,"weather":[{"id":800,"main":"Clear","description":"clear
        sky","icon":"01d"}],"clouds":9,"pop":0,"uvi":6.9},{"dt":1601056800,"sunrise":1601038251,"sunset":1601081513,"temp":{"day":86.16,"min":69.04,"max":90.43,"night":81.1,"eve":87.75,"morn":69.04},"feels_like":{"day":77.49,"night":72.14,"eve":75.36,"morn":62.22},"pressure":1008,"humidity":13,"dew_point":27.18,"wind_speed":8.43,"wind_deg":170,"weather":[{"id":800,"main":"Clear","description":"clear
        sky","icon":"01d"}],"clouds":10,"pop":0,"uvi":6.26},{"dt":1601143200,"sunrise":1601124707,"sunset":1601167814,"temp":{"day":75.31,"min":65.55,"max":83.25,"night":75.42,"eve":82.71,"morn":65.55},"feels_like":{"day":69.6,"night":69.93,"eve":74.79,"morn":60.76},"pressure":1014,"humidity":19,"dew_point":27.52,"wind_speed":3.33,"wind_deg":144,"weather":[{"id":804,"main":"Clouds","description":"overcast
        clouds","icon":"04d"}],"clouds":98,"pop":0,"uvi":6.1},{"dt":1601229600,"sunrise":1601211164,"sunset":1601254115,"temp":{"day":76.84,"min":66.63,"max":82.74,"night":75.29,"eve":82.74,"morn":66.63},"feels_like":{"day":70.47,"night":70.23,"eve":75.36,"morn":60.53},"pressure":1018,"humidity":19,"dew_point":31.66,"wind_speed":4.81,"wind_deg":139,"weather":[{"id":802,"main":"Clouds","description":"scattered
        clouds","icon":"03d"}],"clouds":25,"pop":0,"uvi":6.17},{"dt":1601316000,"sunrise":1601297620,"sunset":1601340416,"temp":{"day":79.75,"min":59.65,"max":83.93,"night":59.65,"eve":67.86,"morn":66.72},"feels_like":{"day":71.98,"night":49.84,"eve":59.25,"morn":61.45},"pressure":1016,"humidity":19,"dew_point":35.1,"wind_speed":7.94,"wind_deg":348,"weather":[{"id":801,"main":"Clouds","description":"few
        clouds","icon":"02d"}],"clouds":15,"pop":0,"uvi":5.84},{"dt":1601402400,"sunrise":1601384078,"sunset":1601426718,"temp":{"day":63.55,"min":51.67,"max":68.38,"night":60.4,"eve":68.18,"morn":51.67},"feels_like":{"day":57.85,"night":51.39,"eve":60.64,"morn":45.18},"pressure":1026,"humidity":27,"dew_point":22.26,"wind_speed":3.04,"wind_deg":87,"weather":[{"id":800,"main":"Clear","description":"clear
        sky","icon":"01d"}],"clouds":0,"pop":0,"uvi":5.46}]}'
  recorded_at: Wed, 23 Sep 2020 01:31:34 GMT
- request:
    method: get
    uri: https://api.openweathermap.org/data/2.5/onecall?appid=OPEN_WEATHER_API_KEY&exclude=minutely&lat=39.738453&lon=-104.984853&units=imperial
    body:
      encoding: US-ASCII
      string: ''
    headers:
      User-Agent:
      - Faraday v1.0.1
      Accept-Encoding:
      - gzip;q=1.0,deflate;q=0.6,identity;q=0.3
      Accept:
      - "*/*"
  response:
    status:
      code: 200
      message: OK
    headers:
      Server:
      - openresty
      Date:
      - Wed, 23 Sep 2020 01:31:34 GMT
      Content-Type:
      - application/json; charset=utf-8
      Content-Length:
      - '15655'
      Connection:
      - keep-alive
      X-Cache-Key:
      - "/data/2.5/onecall?exclude=minutely&lat=39.74&lon=-104.98&units=imperial"
      Access-Control-Allow-Origin:
      - "*"
      Access-Control-Allow-Credentials:
      - 'true'
      Access-Control-Allow-Methods:
      - GET, POST
    body:
      encoding: UTF-8
      string: '{"lat":39.74,"lon":-104.98,"timezone":"America/Denver","timezone_offset":-21600,"current":{"dt":1600824694,"sunrise":1600778883,"sunset":1600822611,"temp":72.21,"feels_like":64.33,"pressure":1021,"humidity":28,"dew_point":37.33,"uvi":6.48,"clouds":75,"visibility":10000,"wind_speed":9.17,"wind_deg":240,"weather":[{"id":803,"main":"Clouds","description":"broken
        clouds","icon":"04n"}]},"hourly":[{"dt":1600822800,"temp":72.21,"feels_like":61.63,"pressure":1021,"humidity":28,"dew_point":37.33,"clouds":75,"visibility":10000,"wind_speed":13.96,"wind_deg":182,"weather":[{"id":500,"main":"Rain","description":"light
        rain","icon":"10n"}],"pop":0.39,"rain":{"1h":0.17}},{"dt":1600826400,"temp":73.36,"feels_like":68.65,"pressure":1020,"humidity":28,"dew_point":38.32,"clouds":87,"visibility":10000,"wind_speed":3.85,"wind_deg":219,"weather":[{"id":804,"main":"Clouds","description":"overcast
        clouds","icon":"04n"}],"pop":0.39},{"dt":1600830000,"temp":73.53,"feels_like":67.33,"pressure":1019,"humidity":28,"dew_point":38.46,"clouds":95,"visibility":10000,"wind_speed":6.53,"wind_deg":44,"weather":[{"id":804,"main":"Clouds","description":"overcast
        clouds","icon":"04n"}],"pop":0.47},{"dt":1600833600,"temp":71.33,"feels_like":65.64,"pressure":1019,"humidity":31,"dew_point":39.16,"clouds":88,"visibility":10000,"wind_speed":5.86,"wind_deg":35,"weather":[{"id":500,"main":"Rain","description":"light
        rain","icon":"10n"}],"pop":0.51,"rain":{"1h":0.11}},{"dt":1600837200,"temp":70.68,"feels_like":68.2,"pressure":1020,"humidity":32,"dew_point":39.42,"clouds":91,"visibility":10000,"wind_speed":0.25,"wind_deg":140,"weather":[{"id":804,"main":"Clouds","description":"overcast
        clouds","icon":"04n"}],"pop":0.39},{"dt":1600840800,"temp":70.27,"feels_like":65.44,"pressure":1019,"humidity":32,"dew_point":39.76,"clouds":93,"visibility":10000,"wind_speed":4.29,"wind_deg":172,"weather":[{"id":804,"main":"Clouds","description":"overcast
        clouds","icon":"04n"}],"pop":0.2},{"dt":1600844400,"temp":69.67,"feels_like":64.06,"pressure":1019,"humidity":34,"dew_point":40.17,"clouds":100,"visibility":10000,"wind_speed":6.04,"wind_deg":175,"weather":[{"id":804,"main":"Clouds","description":"overcast
        clouds","icon":"04n"}],"pop":0},{"dt":1600848000,"temp":68.94,"feels_like":63.32,"pressure":1019,"humidity":35,"dew_point":40.64,"clouds":96,"visibility":10000,"wind_speed":6.08,"wind_deg":191,"weather":[{"id":804,"main":"Clouds","description":"overcast
        clouds","icon":"04n"}],"pop":0},{"dt":1600851600,"temp":67.95,"feels_like":62.22,"pressure":1018,"humidity":36,"dew_point":40.48,"clouds":65,"visibility":10000,"wind_speed":6.22,"wind_deg":203,"weather":[{"id":803,"main":"Clouds","description":"broken
        clouds","icon":"04n"}],"pop":0},{"dt":1600855200,"temp":67.28,"feels_like":61.54,"pressure":1018,"humidity":36,"dew_point":39.7,"clouds":60,"visibility":10000,"wind_speed":6.06,"wind_deg":205,"weather":[{"id":803,"main":"Clouds","description":"broken
        clouds","icon":"04n"}],"pop":0},{"dt":1600858800,"temp":67.12,"feels_like":61.52,"pressure":1018,"humidity":34,"dew_point":38.35,"clouds":61,"visibility":10000,"wind_speed":5.26,"wind_deg":206,"weather":[{"id":803,"main":"Clouds","description":"broken
        clouds","icon":"04n"}],"pop":0},{"dt":1600862400,"temp":67.01,"feels_like":61.72,"pressure":1019,"humidity":32,"dew_point":36.95,"clouds":64,"visibility":10000,"wind_speed":4.21,"wind_deg":214,"weather":[{"id":803,"main":"Clouds","description":"broken
        clouds","icon":"04n"}],"pop":0},{"dt":1600866000,"temp":66.88,"feels_like":62.33,"pressure":1019,"humidity":32,"dew_point":36.37,"clouds":98,"visibility":10000,"wind_speed":2.86,"wind_deg":230,"weather":[{"id":804,"main":"Clouds","description":"overcast
        clouds","icon":"04d"}],"pop":0},{"dt":1600869600,"temp":68.36,"feels_like":63.88,"pressure":1019,"humidity":30,"dew_point":36.41,"clouds":90,"visibility":10000,"wind_speed":2.64,"wind_deg":234,"weather":[{"id":804,"main":"Clouds","description":"overcast
        clouds","icon":"04d"}],"pop":0},{"dt":1600873200,"temp":71.69,"feels_like":66.81,"pressure":1018,"humidity":27,"dew_point":36.28,"clouds":61,"visibility":10000,"wind_speed":3.42,"wind_deg":225,"weather":[{"id":803,"main":"Clouds","description":"broken
        clouds","icon":"04d"}],"pop":0},{"dt":1600876800,"temp":75.61,"feels_like":71.01,"pressure":1017,"humidity":23,"dew_point":35.94,"clouds":45,"visibility":10000,"wind_speed":2.71,"wind_deg":243,"weather":[{"id":802,"main":"Clouds","description":"scattered
        clouds","icon":"03d"}],"pop":0},{"dt":1600880400,"temp":79.03,"feels_like":75.06,"pressure":1017,"humidity":20,"dew_point":34.68,"clouds":36,"visibility":10000,"wind_speed":1.39,"wind_deg":359,"weather":[{"id":802,"main":"Clouds","description":"scattered
        clouds","icon":"03d"}],"pop":0},{"dt":1600884000,"temp":80.74,"feels_like":74.59,"pressure":1016,"humidity":17,"dew_point":32.31,"clouds":30,"visibility":10000,"wind_speed":4.56,"wind_deg":74,"weather":[{"id":802,"main":"Clouds","description":"scattered
        clouds","icon":"03d"}],"pop":0},{"dt":1600887600,"temp":82.42,"feels_like":75.07,"pressure":1015,"humidity":15,"dew_point":30.27,"clouds":0,"visibility":10000,"wind_speed":6.22,"wind_deg":86,"weather":[{"id":800,"main":"Clear","description":"clear
        sky","icon":"01d"}],"pop":0},{"dt":1600891200,"temp":83.68,"feels_like":76.93,"pressure":1014,"humidity":15,"dew_point":29.52,"clouds":0,"visibility":10000,"wind_speed":5.41,"wind_deg":84,"weather":[{"id":800,"main":"Clear","description":"clear
        sky","icon":"01d"}],"pop":0},{"dt":1600894800,"temp":84.65,"feels_like":78.42,"pressure":1013,"humidity":14,"dew_point":29.28,"clouds":1,"visibility":10000,"wind_speed":4.25,"wind_deg":57,"weather":[{"id":800,"main":"Clear","description":"clear
        sky","icon":"01d"}],"pop":0},{"dt":1600898400,"temp":84.04,"feels_like":77.65,"pressure":1013,"humidity":15,"dew_point":29.98,"clouds":21,"visibility":10000,"wind_speed":4.85,"wind_deg":9,"weather":[{"id":801,"main":"Clouds","description":"few
        clouds","icon":"02d"}],"pop":0},{"dt":1600902000,"temp":83.82,"feels_like":76.71,"pressure":1013,"humidity":15,"dew_point":30.11,"clouds":33,"visibility":10000,"wind_speed":6.08,"wind_deg":25,"weather":[{"id":802,"main":"Clouds","description":"scattered
        clouds","icon":"03d"}],"pop":0},{"dt":1600905600,"temp":82.9,"feels_like":76.05,"pressure":1014,"humidity":15,"dew_point":29.64,"clouds":44,"visibility":10000,"wind_speed":5.46,"wind_deg":13,"weather":[{"id":802,"main":"Clouds","description":"scattered
        clouds","icon":"03d"}],"pop":0},{"dt":1600909200,"temp":80.56,"feels_like":74.91,"pressure":1016,"humidity":16,"dew_point":27.91,"clouds":94,"visibility":10000,"wind_speed":3.24,"wind_deg":3,"weather":[{"id":804,"main":"Clouds","description":"overcast
        clouds","icon":"04n"}],"pop":0},{"dt":1600912800,"temp":79.12,"feels_like":72.3,"pressure":1017,"humidity":16,"dew_point":26.28,"clouds":96,"visibility":10000,"wind_speed":5.03,"wind_deg":305,"weather":[{"id":804,"main":"Clouds","description":"overcast
        clouds","icon":"04n"}],"pop":0},{"dt":1600916400,"temp":77.18,"feels_like":70.57,"pressure":1018,"humidity":17,"dew_point":23.7,"clouds":65,"visibility":10000,"wind_speed":4.65,"wind_deg":307,"weather":[{"id":803,"main":"Clouds","description":"broken
        clouds","icon":"04n"}],"pop":0},{"dt":1600920000,"temp":75.06,"feels_like":68.59,"pressure":1018,"humidity":19,"dew_point":25.27,"clouds":51,"visibility":10000,"wind_speed":4.63,"wind_deg":75,"weather":[{"id":803,"main":"Clouds","description":"broken
        clouds","icon":"04n"}],"pop":0},{"dt":1600923600,"temp":73.2,"feels_like":67.59,"pressure":1019,"humidity":20,"dew_point":24.67,"clouds":41,"visibility":10000,"wind_speed":3.06,"wind_deg":116,"weather":[{"id":802,"main":"Clouds","description":"scattered
        clouds","icon":"03n"}],"pop":0},{"dt":1600927200,"temp":71.46,"feels_like":64.15,"pressure":1019,"humidity":21,"dew_point":23.52,"clouds":34,"visibility":10000,"wind_speed":6.02,"wind_deg":156,"weather":[{"id":802,"main":"Clouds","description":"scattered
        clouds","icon":"03n"}],"pop":0},{"dt":1600930800,"temp":70.16,"feels_like":62.71,"pressure":1019,"humidity":22,"dew_point":24.37,"clouds":0,"visibility":10000,"wind_speed":6.26,"wind_deg":182,"weather":[{"id":800,"main":"Clear","description":"clear
        sky","icon":"01n"}],"pop":0},{"dt":1600934400,"temp":69.4,"feels_like":63.45,"pressure":1019,"humidity":23,"dew_point":24.24,"clouds":0,"visibility":10000,"wind_speed":3.74,"wind_deg":180,"weather":[{"id":800,"main":"Clear","description":"clear
        sky","icon":"01n"}],"pop":0},{"dt":1600938000,"temp":68.49,"feels_like":62.06,"pressure":1018,"humidity":23,"dew_point":24.1,"clouds":0,"visibility":10000,"wind_speed":4.36,"wind_deg":176,"weather":[{"id":800,"main":"Clear","description":"clear
        sky","icon":"01n"}],"pop":0},{"dt":1600941600,"temp":67.75,"feels_like":60.53,"pressure":1018,"humidity":24,"dew_point":24.31,"clouds":0,"visibility":10000,"wind_speed":5.88,"wind_deg":192,"weather":[{"id":800,"main":"Clear","description":"clear
        sky","icon":"01n"}],"pop":0},{"dt":1600945200,"temp":67.12,"feels_like":59.49,"pressure":1018,"humidity":24,"dew_point":24.37,"clouds":0,"visibility":10000,"wind_speed":6.49,"wind_deg":196,"weather":[{"id":800,"main":"Clear","description":"clear
        sky","icon":"01n"}],"pop":0},{"dt":1600948800,"temp":66.27,"feels_like":58.55,"pressure":1018,"humidity":25,"dew_point":24.73,"clouds":0,"visibility":10000,"wind_speed":6.71,"wind_deg":199,"weather":[{"id":800,"main":"Clear","description":"clear
        sky","icon":"01n"}],"pop":0},{"dt":1600952400,"temp":65.97,"feels_like":58.19,"pressure":1019,"humidity":26,"dew_point":25.25,"clouds":0,"visibility":10000,"wind_speed":6.98,"wind_deg":199,"weather":[{"id":800,"main":"Clear","description":"clear
        sky","icon":"01d"}],"pop":0},{"dt":1600956000,"temp":67.24,"feels_like":59.25,"pressure":1019,"humidity":25,"dew_point":25.9,"clouds":0,"visibility":10000,"wind_speed":7.4,"wind_deg":199,"weather":[{"id":800,"main":"Clear","description":"clear
        sky","icon":"01d"}],"pop":0},{"dt":1600959600,"temp":70.9,"feels_like":63.18,"pressure":1017,"humidity":22,"dew_point":26.65,"clouds":0,"visibility":10000,"wind_speed":6.89,"wind_deg":203,"weather":[{"id":800,"main":"Clear","description":"clear
        sky","icon":"01d"}],"pop":0},{"dt":1600963200,"temp":75.74,"feels_like":68.34,"pressure":1016,"humidity":19,"dew_point":26.94,"clouds":11,"visibility":10000,"wind_speed":6.42,"wind_deg":198,"weather":[{"id":801,"main":"Clouds","description":"few
        clouds","icon":"02d"}],"pop":0},{"dt":1600966800,"temp":80.22,"feels_like":72.79,"pressure":1014,"humidity":16,"dew_point":26.8,"clouds":11,"visibility":10000,"wind_speed":6.33,"wind_deg":184,"weather":[{"id":801,"main":"Clouds","description":"few
        clouds","icon":"02d"}],"pop":0},{"dt":1600970400,"temp":83.59,"feels_like":76.08,"pressure":1013,"humidity":14,"dew_point":25.88,"clouds":9,"visibility":10000,"wind_speed":6.31,"wind_deg":162,"weather":[{"id":800,"main":"Clear","description":"clear
        sky","icon":"01d"}],"pop":0},{"dt":1600974000,"temp":85.89,"feels_like":78.42,"pressure":1012,"humidity":13,"dew_point":24.28,"clouds":0,"visibility":10000,"wind_speed":6.26,"wind_deg":142,"weather":[{"id":800,"main":"Clear","description":"clear
        sky","icon":"01d"}],"pop":0},{"dt":1600977600,"temp":87.48,"feels_like":79.74,"pressure":1011,"humidity":12,"dew_point":23.04,"clouds":0,"visibility":10000,"wind_speed":6.55,"wind_deg":135,"weather":[{"id":800,"main":"Clear","description":"clear
        sky","icon":"01d"}],"pop":0},{"dt":1600981200,"temp":88.25,"feels_like":80.85,"pressure":1010,"humidity":12,"dew_point":23.02,"clouds":0,"visibility":10000,"wind_speed":6.11,"wind_deg":133,"weather":[{"id":800,"main":"Clear","description":"clear
        sky","icon":"01d"}],"pop":0},{"dt":1600984800,"temp":88.66,"feels_like":81,"pressure":1009,"humidity":12,"dew_point":23.47,"clouds":0,"visibility":10000,"wind_speed":6.64,"wind_deg":129,"weather":[{"id":800,"main":"Clear","description":"clear
        sky","icon":"01d"}],"pop":0},{"dt":1600988400,"temp":88.11,"feels_like":79,"pressure":1008,"humidity":12,"dew_point":25.18,"clouds":0,"visibility":10000,"wind_speed":9.1,"wind_deg":141,"weather":[{"id":800,"main":"Clear","description":"clear
        sky","icon":"01d"}],"pop":0},{"dt":1600992000,"temp":86.02,"feels_like":75.78,"pressure":1009,"humidity":13,"dew_point":28.78,"clouds":0,"visibility":10000,"wind_speed":11.21,"wind_deg":152,"weather":[{"id":800,"main":"Clear","description":"clear
        sky","icon":"01d"}],"pop":0}],"daily":[{"dt":1600797600,"sunrise":1600778883,"sunset":1600822611,"temp":{"day":82.78,"min":66.94,"max":86.74,"night":73.02,"eve":72.21,"morn":66.94},"feels_like":{"day":77.72,"night":66.74,"eve":56.37,"morn":61.18},"pressure":1017,"humidity":16,"dew_point":33.42,"wind_speed":2.64,"wind_deg":95,"weather":[{"id":500,"main":"Rain","description":"light
        rain","icon":"10d"}],"clouds":64,"pop":0.47,"rain":0.29,"uvi":6.48},{"dt":1600884000,"sunrise":1600865338,"sunset":1600908912,"temp":{"day":80.74,"min":67.05,"max":84.65,"night":77.18,"eve":82.9,"morn":67.05},"feels_like":{"day":74.59,"night":70.57,"eve":76.05,"morn":61.77},"pressure":1016,"humidity":17,"dew_point":32.31,"wind_speed":4.56,"wind_deg":74,"weather":[{"id":500,"main":"Rain","description":"light
        rain","icon":"10d"}],"clouds":30,"pop":0.4,"rain":0.17,"uvi":7.13},{"dt":1600970400,"sunrise":1600951795,"sunset":1600995212,"temp":{"day":83.59,"min":66.27,"max":88.25,"night":77.86,"eve":86.02,"morn":66.27},"feels_like":{"day":76.08,"night":68.52,"eve":75.78,"morn":58.55},"pressure":1013,"humidity":14,"dew_point":25.88,"wind_speed":6.31,"wind_deg":162,"weather":[{"id":800,"main":"Clear","description":"clear
        sky","icon":"01d"}],"clouds":9,"pop":0,"uvi":6.9},{"dt":1601056800,"sunrise":1601038251,"sunset":1601081513,"temp":{"day":86.16,"min":69.04,"max":90.43,"night":81.1,"eve":87.75,"morn":69.04},"feels_like":{"day":77.49,"night":72.14,"eve":75.36,"morn":62.22},"pressure":1008,"humidity":13,"dew_point":27.18,"wind_speed":8.43,"wind_deg":170,"weather":[{"id":800,"main":"Clear","description":"clear
        sky","icon":"01d"}],"clouds":10,"pop":0,"uvi":6.26},{"dt":1601143200,"sunrise":1601124707,"sunset":1601167814,"temp":{"day":75.31,"min":65.55,"max":83.25,"night":75.42,"eve":82.71,"morn":65.55},"feels_like":{"day":69.6,"night":69.93,"eve":74.79,"morn":60.76},"pressure":1014,"humidity":19,"dew_point":27.52,"wind_speed":3.33,"wind_deg":144,"weather":[{"id":804,"main":"Clouds","description":"overcast
        clouds","icon":"04d"}],"clouds":98,"pop":0,"uvi":6.1},{"dt":1601229600,"sunrise":1601211164,"sunset":1601254115,"temp":{"day":76.84,"min":66.63,"max":82.74,"night":75.29,"eve":82.74,"morn":66.63},"feels_like":{"day":70.47,"night":70.23,"eve":75.36,"morn":60.53},"pressure":1018,"humidity":19,"dew_point":31.66,"wind_speed":4.81,"wind_deg":139,"weather":[{"id":802,"main":"Clouds","description":"scattered
        clouds","icon":"03d"}],"clouds":25,"pop":0,"uvi":6.17},{"dt":1601316000,"sunrise":1601297620,"sunset":1601340416,"temp":{"day":79.75,"min":59.65,"max":83.93,"night":59.65,"eve":67.86,"morn":66.72},"feels_like":{"day":71.98,"night":49.84,"eve":59.25,"morn":61.45},"pressure":1016,"humidity":19,"dew_point":35.1,"wind_speed":7.94,"wind_deg":348,"weather":[{"id":801,"main":"Clouds","description":"few
        clouds","icon":"02d"}],"clouds":15,"pop":0,"uvi":5.84},{"dt":1601402400,"sunrise":1601384078,"sunset":1601426718,"temp":{"day":63.55,"min":51.67,"max":68.38,"night":60.4,"eve":68.18,"morn":51.67},"feels_like":{"day":57.85,"night":51.39,"eve":60.64,"morn":45.18},"pressure":1026,"humidity":27,"dew_point":22.26,"wind_speed":3.04,"wind_deg":87,"weather":[{"id":800,"main":"Clear","description":"clear
        sky","icon":"01d"}],"clouds":0,"pop":0,"uvi":5.46}]}'
  recorded_at: Wed, 23 Sep 2020 01:31:34 GMT
- request:
    method: get
    uri: https://api.openweathermap.org/data/2.5/onecall?appid=OPEN_WEATHER_API_KEY&exclude=minutely&lat=39.738453&lon=-104.984853&units=imperial
    body:
      encoding: US-ASCII
      string: ''
    headers:
      User-Agent:
      - Faraday v1.0.1
      Accept-Encoding:
      - gzip;q=1.0,deflate;q=0.6,identity;q=0.3
      Accept:
      - "*/*"
  response:
    status:
      code: 200
      message: OK
    headers:
      Server:
      - openresty
      Date:
      - Wed, 23 Sep 2020 01:31:35 GMT
      Content-Type:
      - application/json; charset=utf-8
      Content-Length:
      - '15655'
      Connection:
      - keep-alive
      X-Cache-Key:
      - "/data/2.5/onecall?exclude=minutely&lat=39.74&lon=-104.98&units=imperial"
      Access-Control-Allow-Origin:
      - "*"
      Access-Control-Allow-Credentials:
      - 'true'
      Access-Control-Allow-Methods:
      - GET, POST
    body:
      encoding: UTF-8
      string: '{"lat":39.74,"lon":-104.98,"timezone":"America/Denver","timezone_offset":-21600,"current":{"dt":1600824694,"sunrise":1600778883,"sunset":1600822611,"temp":72.21,"feels_like":64.33,"pressure":1021,"humidity":28,"dew_point":37.33,"uvi":6.48,"clouds":75,"visibility":10000,"wind_speed":9.17,"wind_deg":240,"weather":[{"id":803,"main":"Clouds","description":"broken
        clouds","icon":"04n"}]},"hourly":[{"dt":1600822800,"temp":72.21,"feels_like":61.63,"pressure":1021,"humidity":28,"dew_point":37.33,"clouds":75,"visibility":10000,"wind_speed":13.96,"wind_deg":182,"weather":[{"id":500,"main":"Rain","description":"light
        rain","icon":"10n"}],"pop":0.39,"rain":{"1h":0.17}},{"dt":1600826400,"temp":73.36,"feels_like":68.65,"pressure":1020,"humidity":28,"dew_point":38.32,"clouds":87,"visibility":10000,"wind_speed":3.85,"wind_deg":219,"weather":[{"id":804,"main":"Clouds","description":"overcast
        clouds","icon":"04n"}],"pop":0.39},{"dt":1600830000,"temp":73.53,"feels_like":67.33,"pressure":1019,"humidity":28,"dew_point":38.46,"clouds":95,"visibility":10000,"wind_speed":6.53,"wind_deg":44,"weather":[{"id":804,"main":"Clouds","description":"overcast
        clouds","icon":"04n"}],"pop":0.47},{"dt":1600833600,"temp":71.33,"feels_like":65.64,"pressure":1019,"humidity":31,"dew_point":39.16,"clouds":88,"visibility":10000,"wind_speed":5.86,"wind_deg":35,"weather":[{"id":500,"main":"Rain","description":"light
        rain","icon":"10n"}],"pop":0.51,"rain":{"1h":0.11}},{"dt":1600837200,"temp":70.68,"feels_like":68.2,"pressure":1020,"humidity":32,"dew_point":39.42,"clouds":91,"visibility":10000,"wind_speed":0.25,"wind_deg":140,"weather":[{"id":804,"main":"Clouds","description":"overcast
        clouds","icon":"04n"}],"pop":0.39},{"dt":1600840800,"temp":70.27,"feels_like":65.44,"pressure":1019,"humidity":32,"dew_point":39.76,"clouds":93,"visibility":10000,"wind_speed":4.29,"wind_deg":172,"weather":[{"id":804,"main":"Clouds","description":"overcast
        clouds","icon":"04n"}],"pop":0.2},{"dt":1600844400,"temp":69.67,"feels_like":64.06,"pressure":1019,"humidity":34,"dew_point":40.17,"clouds":100,"visibility":10000,"wind_speed":6.04,"wind_deg":175,"weather":[{"id":804,"main":"Clouds","description":"overcast
        clouds","icon":"04n"}],"pop":0},{"dt":1600848000,"temp":68.94,"feels_like":63.32,"pressure":1019,"humidity":35,"dew_point":40.64,"clouds":96,"visibility":10000,"wind_speed":6.08,"wind_deg":191,"weather":[{"id":804,"main":"Clouds","description":"overcast
        clouds","icon":"04n"}],"pop":0},{"dt":1600851600,"temp":67.95,"feels_like":62.22,"pressure":1018,"humidity":36,"dew_point":40.48,"clouds":65,"visibility":10000,"wind_speed":6.22,"wind_deg":203,"weather":[{"id":803,"main":"Clouds","description":"broken
        clouds","icon":"04n"}],"pop":0},{"dt":1600855200,"temp":67.28,"feels_like":61.54,"pressure":1018,"humidity":36,"dew_point":39.7,"clouds":60,"visibility":10000,"wind_speed":6.06,"wind_deg":205,"weather":[{"id":803,"main":"Clouds","description":"broken
        clouds","icon":"04n"}],"pop":0},{"dt":1600858800,"temp":67.12,"feels_like":61.52,"pressure":1018,"humidity":34,"dew_point":38.35,"clouds":61,"visibility":10000,"wind_speed":5.26,"wind_deg":206,"weather":[{"id":803,"main":"Clouds","description":"broken
        clouds","icon":"04n"}],"pop":0},{"dt":1600862400,"temp":67.01,"feels_like":61.72,"pressure":1019,"humidity":32,"dew_point":36.95,"clouds":64,"visibility":10000,"wind_speed":4.21,"wind_deg":214,"weather":[{"id":803,"main":"Clouds","description":"broken
        clouds","icon":"04n"}],"pop":0},{"dt":1600866000,"temp":66.88,"feels_like":62.33,"pressure":1019,"humidity":32,"dew_point":36.37,"clouds":98,"visibility":10000,"wind_speed":2.86,"wind_deg":230,"weather":[{"id":804,"main":"Clouds","description":"overcast
        clouds","icon":"04d"}],"pop":0},{"dt":1600869600,"temp":68.36,"feels_like":63.88,"pressure":1019,"humidity":30,"dew_point":36.41,"clouds":90,"visibility":10000,"wind_speed":2.64,"wind_deg":234,"weather":[{"id":804,"main":"Clouds","description":"overcast
        clouds","icon":"04d"}],"pop":0},{"dt":1600873200,"temp":71.69,"feels_like":66.81,"pressure":1018,"humidity":27,"dew_point":36.28,"clouds":61,"visibility":10000,"wind_speed":3.42,"wind_deg":225,"weather":[{"id":803,"main":"Clouds","description":"broken
        clouds","icon":"04d"}],"pop":0},{"dt":1600876800,"temp":75.61,"feels_like":71.01,"pressure":1017,"humidity":23,"dew_point":35.94,"clouds":45,"visibility":10000,"wind_speed":2.71,"wind_deg":243,"weather":[{"id":802,"main":"Clouds","description":"scattered
        clouds","icon":"03d"}],"pop":0},{"dt":1600880400,"temp":79.03,"feels_like":75.06,"pressure":1017,"humidity":20,"dew_point":34.68,"clouds":36,"visibility":10000,"wind_speed":1.39,"wind_deg":359,"weather":[{"id":802,"main":"Clouds","description":"scattered
        clouds","icon":"03d"}],"pop":0},{"dt":1600884000,"temp":80.74,"feels_like":74.59,"pressure":1016,"humidity":17,"dew_point":32.31,"clouds":30,"visibility":10000,"wind_speed":4.56,"wind_deg":74,"weather":[{"id":802,"main":"Clouds","description":"scattered
        clouds","icon":"03d"}],"pop":0},{"dt":1600887600,"temp":82.42,"feels_like":75.07,"pressure":1015,"humidity":15,"dew_point":30.27,"clouds":0,"visibility":10000,"wind_speed":6.22,"wind_deg":86,"weather":[{"id":800,"main":"Clear","description":"clear
        sky","icon":"01d"}],"pop":0},{"dt":1600891200,"temp":83.68,"feels_like":76.93,"pressure":1014,"humidity":15,"dew_point":29.52,"clouds":0,"visibility":10000,"wind_speed":5.41,"wind_deg":84,"weather":[{"id":800,"main":"Clear","description":"clear
        sky","icon":"01d"}],"pop":0},{"dt":1600894800,"temp":84.65,"feels_like":78.42,"pressure":1013,"humidity":14,"dew_point":29.28,"clouds":1,"visibility":10000,"wind_speed":4.25,"wind_deg":57,"weather":[{"id":800,"main":"Clear","description":"clear
        sky","icon":"01d"}],"pop":0},{"dt":1600898400,"temp":84.04,"feels_like":77.65,"pressure":1013,"humidity":15,"dew_point":29.98,"clouds":21,"visibility":10000,"wind_speed":4.85,"wind_deg":9,"weather":[{"id":801,"main":"Clouds","description":"few
        clouds","icon":"02d"}],"pop":0},{"dt":1600902000,"temp":83.82,"feels_like":76.71,"pressure":1013,"humidity":15,"dew_point":30.11,"clouds":33,"visibility":10000,"wind_speed":6.08,"wind_deg":25,"weather":[{"id":802,"main":"Clouds","description":"scattered
        clouds","icon":"03d"}],"pop":0},{"dt":1600905600,"temp":82.9,"feels_like":76.05,"pressure":1014,"humidity":15,"dew_point":29.64,"clouds":44,"visibility":10000,"wind_speed":5.46,"wind_deg":13,"weather":[{"id":802,"main":"Clouds","description":"scattered
        clouds","icon":"03d"}],"pop":0},{"dt":1600909200,"temp":80.56,"feels_like":74.91,"pressure":1016,"humidity":16,"dew_point":27.91,"clouds":94,"visibility":10000,"wind_speed":3.24,"wind_deg":3,"weather":[{"id":804,"main":"Clouds","description":"overcast
        clouds","icon":"04n"}],"pop":0},{"dt":1600912800,"temp":79.12,"feels_like":72.3,"pressure":1017,"humidity":16,"dew_point":26.28,"clouds":96,"visibility":10000,"wind_speed":5.03,"wind_deg":305,"weather":[{"id":804,"main":"Clouds","description":"overcast
        clouds","icon":"04n"}],"pop":0},{"dt":1600916400,"temp":77.18,"feels_like":70.57,"pressure":1018,"humidity":17,"dew_point":23.7,"clouds":65,"visibility":10000,"wind_speed":4.65,"wind_deg":307,"weather":[{"id":803,"main":"Clouds","description":"broken
        clouds","icon":"04n"}],"pop":0},{"dt":1600920000,"temp":75.06,"feels_like":68.59,"pressure":1018,"humidity":19,"dew_point":25.27,"clouds":51,"visibility":10000,"wind_speed":4.63,"wind_deg":75,"weather":[{"id":803,"main":"Clouds","description":"broken
        clouds","icon":"04n"}],"pop":0},{"dt":1600923600,"temp":73.2,"feels_like":67.59,"pressure":1019,"humidity":20,"dew_point":24.67,"clouds":41,"visibility":10000,"wind_speed":3.06,"wind_deg":116,"weather":[{"id":802,"main":"Clouds","description":"scattered
        clouds","icon":"03n"}],"pop":0},{"dt":1600927200,"temp":71.46,"feels_like":64.15,"pressure":1019,"humidity":21,"dew_point":23.52,"clouds":34,"visibility":10000,"wind_speed":6.02,"wind_deg":156,"weather":[{"id":802,"main":"Clouds","description":"scattered
        clouds","icon":"03n"}],"pop":0},{"dt":1600930800,"temp":70.16,"feels_like":62.71,"pressure":1019,"humidity":22,"dew_point":24.37,"clouds":0,"visibility":10000,"wind_speed":6.26,"wind_deg":182,"weather":[{"id":800,"main":"Clear","description":"clear
        sky","icon":"01n"}],"pop":0},{"dt":1600934400,"temp":69.4,"feels_like":63.45,"pressure":1019,"humidity":23,"dew_point":24.24,"clouds":0,"visibility":10000,"wind_speed":3.74,"wind_deg":180,"weather":[{"id":800,"main":"Clear","description":"clear
        sky","icon":"01n"}],"pop":0},{"dt":1600938000,"temp":68.49,"feels_like":62.06,"pressure":1018,"humidity":23,"dew_point":24.1,"clouds":0,"visibility":10000,"wind_speed":4.36,"wind_deg":176,"weather":[{"id":800,"main":"Clear","description":"clear
        sky","icon":"01n"}],"pop":0},{"dt":1600941600,"temp":67.75,"feels_like":60.53,"pressure":1018,"humidity":24,"dew_point":24.31,"clouds":0,"visibility":10000,"wind_speed":5.88,"wind_deg":192,"weather":[{"id":800,"main":"Clear","description":"clear
        sky","icon":"01n"}],"pop":0},{"dt":1600945200,"temp":67.12,"feels_like":59.49,"pressure":1018,"humidity":24,"dew_point":24.37,"clouds":0,"visibility":10000,"wind_speed":6.49,"wind_deg":196,"weather":[{"id":800,"main":"Clear","description":"clear
        sky","icon":"01n"}],"pop":0},{"dt":1600948800,"temp":66.27,"feels_like":58.55,"pressure":1018,"humidity":25,"dew_point":24.73,"clouds":0,"visibility":10000,"wind_speed":6.71,"wind_deg":199,"weather":[{"id":800,"main":"Clear","description":"clear
        sky","icon":"01n"}],"pop":0},{"dt":1600952400,"temp":65.97,"feels_like":58.19,"pressure":1019,"humidity":26,"dew_point":25.25,"clouds":0,"visibility":10000,"wind_speed":6.98,"wind_deg":199,"weather":[{"id":800,"main":"Clear","description":"clear
        sky","icon":"01d"}],"pop":0},{"dt":1600956000,"temp":67.24,"feels_like":59.25,"pressure":1019,"humidity":25,"dew_point":25.9,"clouds":0,"visibility":10000,"wind_speed":7.4,"wind_deg":199,"weather":[{"id":800,"main":"Clear","description":"clear
        sky","icon":"01d"}],"pop":0},{"dt":1600959600,"temp":70.9,"feels_like":63.18,"pressure":1017,"humidity":22,"dew_point":26.65,"clouds":0,"visibility":10000,"wind_speed":6.89,"wind_deg":203,"weather":[{"id":800,"main":"Clear","description":"clear
        sky","icon":"01d"}],"pop":0},{"dt":1600963200,"temp":75.74,"feels_like":68.34,"pressure":1016,"humidity":19,"dew_point":26.94,"clouds":11,"visibility":10000,"wind_speed":6.42,"wind_deg":198,"weather":[{"id":801,"main":"Clouds","description":"few
        clouds","icon":"02d"}],"pop":0},{"dt":1600966800,"temp":80.22,"feels_like":72.79,"pressure":1014,"humidity":16,"dew_point":26.8,"clouds":11,"visibility":10000,"wind_speed":6.33,"wind_deg":184,"weather":[{"id":801,"main":"Clouds","description":"few
        clouds","icon":"02d"}],"pop":0},{"dt":1600970400,"temp":83.59,"feels_like":76.08,"pressure":1013,"humidity":14,"dew_point":25.88,"clouds":9,"visibility":10000,"wind_speed":6.31,"wind_deg":162,"weather":[{"id":800,"main":"Clear","description":"clear
        sky","icon":"01d"}],"pop":0},{"dt":1600974000,"temp":85.89,"feels_like":78.42,"pressure":1012,"humidity":13,"dew_point":24.28,"clouds":0,"visibility":10000,"wind_speed":6.26,"wind_deg":142,"weather":[{"id":800,"main":"Clear","description":"clear
        sky","icon":"01d"}],"pop":0},{"dt":1600977600,"temp":87.48,"feels_like":79.74,"pressure":1011,"humidity":12,"dew_point":23.04,"clouds":0,"visibility":10000,"wind_speed":6.55,"wind_deg":135,"weather":[{"id":800,"main":"Clear","description":"clear
        sky","icon":"01d"}],"pop":0},{"dt":1600981200,"temp":88.25,"feels_like":80.85,"pressure":1010,"humidity":12,"dew_point":23.02,"clouds":0,"visibility":10000,"wind_speed":6.11,"wind_deg":133,"weather":[{"id":800,"main":"Clear","description":"clear
        sky","icon":"01d"}],"pop":0},{"dt":1600984800,"temp":88.66,"feels_like":81,"pressure":1009,"humidity":12,"dew_point":23.47,"clouds":0,"visibility":10000,"wind_speed":6.64,"wind_deg":129,"weather":[{"id":800,"main":"Clear","description":"clear
        sky","icon":"01d"}],"pop":0},{"dt":1600988400,"temp":88.11,"feels_like":79,"pressure":1008,"humidity":12,"dew_point":25.18,"clouds":0,"visibility":10000,"wind_speed":9.1,"wind_deg":141,"weather":[{"id":800,"main":"Clear","description":"clear
        sky","icon":"01d"}],"pop":0},{"dt":1600992000,"temp":86.02,"feels_like":75.78,"pressure":1009,"humidity":13,"dew_point":28.78,"clouds":0,"visibility":10000,"wind_speed":11.21,"wind_deg":152,"weather":[{"id":800,"main":"Clear","description":"clear
        sky","icon":"01d"}],"pop":0}],"daily":[{"dt":1600797600,"sunrise":1600778883,"sunset":1600822611,"temp":{"day":82.78,"min":66.94,"max":86.74,"night":73.02,"eve":72.21,"morn":66.94},"feels_like":{"day":77.72,"night":66.74,"eve":56.37,"morn":61.18},"pressure":1017,"humidity":16,"dew_point":33.42,"wind_speed":2.64,"wind_deg":95,"weather":[{"id":500,"main":"Rain","description":"light
        rain","icon":"10d"}],"clouds":64,"pop":0.47,"rain":0.29,"uvi":6.48},{"dt":1600884000,"sunrise":1600865338,"sunset":1600908912,"temp":{"day":80.74,"min":67.05,"max":84.65,"night":77.18,"eve":82.9,"morn":67.05},"feels_like":{"day":74.59,"night":70.57,"eve":76.05,"morn":61.77},"pressure":1016,"humidity":17,"dew_point":32.31,"wind_speed":4.56,"wind_deg":74,"weather":[{"id":500,"main":"Rain","description":"light
        rain","icon":"10d"}],"clouds":30,"pop":0.4,"rain":0.17,"uvi":7.13},{"dt":1600970400,"sunrise":1600951795,"sunset":1600995212,"temp":{"day":83.59,"min":66.27,"max":88.25,"night":77.86,"eve":86.02,"morn":66.27},"feels_like":{"day":76.08,"night":68.52,"eve":75.78,"morn":58.55},"pressure":1013,"humidity":14,"dew_point":25.88,"wind_speed":6.31,"wind_deg":162,"weather":[{"id":800,"main":"Clear","description":"clear
        sky","icon":"01d"}],"clouds":9,"pop":0,"uvi":6.9},{"dt":1601056800,"sunrise":1601038251,"sunset":1601081513,"temp":{"day":86.16,"min":69.04,"max":90.43,"night":81.1,"eve":87.75,"morn":69.04},"feels_like":{"day":77.49,"night":72.14,"eve":75.36,"morn":62.22},"pressure":1008,"humidity":13,"dew_point":27.18,"wind_speed":8.43,"wind_deg":170,"weather":[{"id":800,"main":"Clear","description":"clear
        sky","icon":"01d"}],"clouds":10,"pop":0,"uvi":6.26},{"dt":1601143200,"sunrise":1601124707,"sunset":1601167814,"temp":{"day":75.31,"min":65.55,"max":83.25,"night":75.42,"eve":82.71,"morn":65.55},"feels_like":{"day":69.6,"night":69.93,"eve":74.79,"morn":60.76},"pressure":1014,"humidity":19,"dew_point":27.52,"wind_speed":3.33,"wind_deg":144,"weather":[{"id":804,"main":"Clouds","description":"overcast
        clouds","icon":"04d"}],"clouds":98,"pop":0,"uvi":6.1},{"dt":1601229600,"sunrise":1601211164,"sunset":1601254115,"temp":{"day":76.84,"min":66.63,"max":82.74,"night":75.29,"eve":82.74,"morn":66.63},"feels_like":{"day":70.47,"night":70.23,"eve":75.36,"morn":60.53},"pressure":1018,"humidity":19,"dew_point":31.66,"wind_speed":4.81,"wind_deg":139,"weather":[{"id":802,"main":"Clouds","description":"scattered
        clouds","icon":"03d"}],"clouds":25,"pop":0,"uvi":6.17},{"dt":1601316000,"sunrise":1601297620,"sunset":1601340416,"temp":{"day":79.75,"min":59.65,"max":83.93,"night":59.65,"eve":67.86,"morn":66.72},"feels_like":{"day":71.98,"night":49.84,"eve":59.25,"morn":61.45},"pressure":1016,"humidity":19,"dew_point":35.1,"wind_speed":7.94,"wind_deg":348,"weather":[{"id":801,"main":"Clouds","description":"few
        clouds","icon":"02d"}],"clouds":15,"pop":0,"uvi":5.84},{"dt":1601402400,"sunrise":1601384078,"sunset":1601426718,"temp":{"day":63.55,"min":51.67,"max":68.38,"night":60.4,"eve":68.18,"morn":51.67},"feels_like":{"day":57.85,"night":51.39,"eve":60.64,"morn":45.18},"pressure":1026,"humidity":27,"dew_point":22.26,"wind_speed":3.04,"wind_deg":87,"weather":[{"id":800,"main":"Clear","description":"clear
        sky","icon":"01d"}],"clouds":0,"pop":0,"uvi":5.46}]}'
  recorded_at: Wed, 23 Sep 2020 01:31:35 GMT
recorded_with: VCR 6.0.0
